# Snippets

- group-a
  - [a-1](#uid-a-1)
  - [a-2](#uid-a-2)
- group-b
  - [b-1](#uid-b-1)

## group-a

### <a name="uid-a-1"></a>a-1

desc a-1

```
echo a-1
```

### <a name="uid-a-2"></a>a-2

```
echo a-2
```

## group-b

### <a name="uid-b-1"></a>b-1

desc b-1
desc b-1

```
echo b-1
```

---

> Generated by [frgm](https://github.com/k1LoW/frgm)
